Archive member included to satisfy reference by file (symbol)

c:/st/stm32cubeide_1.4.0/stm32cubeide/plugins/com.st.stm32cube.ide.mcu.externaltools.gnu-tools-for-stm32.7-2018-q2-update.win32_1.4.0.202007081208/tools/bin/../lib/gcc/arm-none-eabi/7.3.1/../../../../arm-none-eabi/lib/thumb/v7e-m/fpv4-sp/hard\libc_nano.a(lib_a-errno.o)
                              Core/Src/syscalls.o (__errno)
c:/st/stm32cubeide_1.4.0/stm32cubeide/plugins/com.st.stm32cube.ide.mcu.externaltools.gnu-tools-for-stm32.7-2018-q2-update.win32_1.4.0.202007081208/tools/bin/../lib/gcc/arm-none-eabi/7.3.1/../../../../arm-none-eabi/lib/thumb/v7e-m/fpv4-sp/hard\libc_nano.a(lib_a-exit.o)
                              c:/st/stm32cubeide_1.4.0/stm32cubeide/plugins/com.st.stm32cube.ide.mcu.externaltools.gnu-tools-for-stm32.7-2018-q2-update.win32_1.4.0.202007081208/tools/bin/../lib/gcc/arm-none-eabi/7.3.1/../../../../arm-none-eabi/lib/thumb/v7e-m/fpv4-sp/hard/crt0.o (exit)
c:/st/stm32cubeide_1.4.0/stm32cubeide/plugins/com.st.stm32cube.ide.mcu.externaltools.gnu-tools-for-stm32.7-2018-q2-update.win32_1.4.0.202007081208/tools/bin/../lib/gcc/arm-none-eabi/7.3.1/../../../../arm-none-eabi/lib/thumb/v7e-m/fpv4-sp/hard\libc_nano.a(lib_a-impure.o)
                              c:/st/stm32cubeide_1.4.0/stm32cubeide/plugins/com.st.stm32cube.ide.mcu.externaltools.gnu-tools-for-stm32.7-2018-q2-update.win32_1.4.0.202007081208/tools/bin/../lib/gcc/arm-none-eabi/7.3.1/../../../../arm-none-eabi/lib/thumb/v7e-m/fpv4-sp/hard\libc_nano.a(lib_a-exit.o) (_global_impure_ptr)
c:/st/stm32cubeide_1.4.0/stm32cubeide/plugins/com.st.stm32cube.ide.mcu.externaltools.gnu-tools-for-stm32.7-2018-q2-update.win32_1.4.0.202007081208/tools/bin/../lib/gcc/arm-none-eabi/7.3.1/../../../../arm-none-eabi/lib/thumb/v7e-m/fpv4-sp/hard\libc_nano.a(lib_a-init.o)
                              c:/st/stm32cubeide_1.4.0/stm32cubeide/plugins/com.st.stm32cube.ide.mcu.externaltools.gnu-tools-for-stm32.7-2018-q2-update.win32_1.4.0.202007081208/tools/bin/../lib/gcc/arm-none-eabi/7.3.1/../../../../arm-none-eabi/lib/thumb/v7e-m/fpv4-sp/hard/crt0.o (__libc_init_array)
c:/st/stm32cubeide_1.4.0/stm32cubeide/plugins/com.st.stm32cube.ide.mcu.externaltools.gnu-tools-for-stm32.7-2018-q2-update.win32_1.4.0.202007081208/tools/bin/../lib/gcc/arm-none-eabi/7.3.1/../../../../arm-none-eabi/lib/thumb/v7e-m/fpv4-sp/hard\libc_nano.a(lib_a-memset.o)
                              c:/st/stm32cubeide_1.4.0/stm32cubeide/plugins/com.st.stm32cube.ide.mcu.externaltools.gnu-tools-for-stm32.7-2018-q2-update.win32_1.4.0.202007081208/tools/bin/../lib/gcc/arm-none-eabi/7.3.1/../../../../arm-none-eabi/lib/thumb/v7e-m/fpv4-sp/hard/crt0.o (memset)
c:/st/stm32cubeide_1.4.0/stm32cubeide/plugins/com.st.stm32cube.ide.mcu.externaltools.gnu-tools-for-stm32.7-2018-q2-update.win32_1.4.0.202007081208/tools/bin/../lib/gcc/arm-none-eabi/7.3.1/../../../../arm-none-eabi/lib/thumb/v7e-m/fpv4-sp/hard\libm.a(lib_a-w_sqrt.o)
                              Core/Src/MadgwickAHRS.o (sqrt)
c:/st/stm32cubeide_1.4.0/stm32cubeide/plugins/com.st.stm32cube.ide.mcu.externaltools.gnu-tools-for-stm32.7-2018-q2-update.win32_1.4.0.202007081208/tools/bin/../lib/gcc/arm-none-eabi/7.3.1/../../../../arm-none-eabi/lib/thumb/v7e-m/fpv4-sp/hard\libm.a(lib_a-e_sqrt.o)
                              c:/st/stm32cubeide_1.4.0/stm32cubeide/plugins/com.st.stm32cube.ide.mcu.externaltools.gnu-tools-for-stm32.7-2018-q2-update.win32_1.4.0.202007081208/tools/bin/../lib/gcc/arm-none-eabi/7.3.1/../../../../arm-none-eabi/lib/thumb/v7e-m/fpv4-sp/hard\libm.a(lib_a-w_sqrt.o) (__ieee754_sqrt)
c:/st/stm32cubeide_1.4.0/stm32cubeide/plugins/com.st.stm32cube.ide.mcu.externaltools.gnu-tools-for-stm32.7-2018-q2-update.win32_1.4.0.202007081208/tools/bin/../lib/gcc/arm-none-eabi/7.3.1/../../../../arm-none-eabi/lib/thumb/v7e-m/fpv4-sp/hard\libm.a(lib_a-s_lib_ver.o)
                              c:/st/stm32cubeide_1.4.0/stm32cubeide/plugins/com.st.stm32cube.ide.mcu.externaltools.gnu-tools-for-stm32.7-2018-q2-update.win32_1.4.0.202007081208/tools/bin/../lib/gcc/arm-none-eabi/7.3.1/../../../../arm-none-eabi/lib/thumb/v7e-m/fpv4-sp/hard\libm.a(lib_a-w_sqrt.o) (__fdlib_version)
c:/st/stm32cubeide_1.4.0/stm32cubeide/plugins/com.st.stm32cube.ide.mcu.externaltools.gnu-tools-for-stm32.7-2018-q2-update.win32_1.4.0.202007081208/tools/bin/../lib/gcc/arm-none-eabi/7.3.1/../../../../arm-none-eabi/lib/thumb/v7e-m/fpv4-sp/hard\libm.a(lib_a-s_matherr.o)
                              c:/st/stm32cubeide_1.4.0/stm32cubeide/plugins/com.st.stm32cube.ide.mcu.externaltools.gnu-tools-for-stm32.7-2018-q2-update.win32_1.4.0.202007081208/tools/bin/../lib/gcc/arm-none-eabi/7.3.1/../../../../arm-none-eabi/lib/thumb/v7e-m/fpv4-sp/hard\libm.a(lib_a-w_sqrt.o) (matherr)
c:/st/stm32cubeide_1.4.0/stm32cubeide/plugins/com.st.stm32cube.ide.mcu.externaltools.gnu-tools-for-stm32.7-2018-q2-update.win32_1.4.0.202007081208/tools/bin/../lib/gcc/arm-none-eabi/7.3.1/thumb/v7e-m/fpv4-sp/hard\libgcc.a(_arm_addsubdf3.o)
[...]
Memory Configuration

Name             Origin             Length             Attributes
CCMRAM           0x0000000010000000 0x0000000000004000 xrw
RAM              0x0000000020000000 0x0000000000010000 xrw
FLASH            0x0000000008000000 0x0000000000080000 xr
*default*        0x0000000000000000 0xffffffffffffffff

Linker script and memory map

LOAD c:/st/stm32cubeide_1.4.0/stm32cubeide/plugins/com.st.stm32cube.ide.mcu.externaltools.gnu-tools-for-stm32.7-2018-q2-update.win32_1.4.0.202007081208/tools/bin/../lib/gcc/arm-none-eabi/7.3.1/thumb/v7e-m/fpv4-sp/hard/crti.o
LOAD c:/st/stm32cubeide_1.4.0/stm32cubeide/plugins/com.st.stm32cube.ide.mcu.externaltools.gnu-tools-for-stm32.7-2018-q2-update.win32_1.4.0.202007081208/tools/bin/../lib/gcc/arm-none-eabi/7.3.1/thumb/v7e-m/fpv4-sp/hard/crtbegin.o
LOAD c:/st/stm32cubeide_1.4.0/stm32cubeide/plugins/com.st.stm32cube.ide.mcu.externaltools.gnu-tools-for-stm32.7-2018-q2-update.win32_1.4.0.202007081208/tools/bin/../lib/gcc/arm-none-eabi/7.3.1/../../../../arm-none-eabi/lib/thumb/v7e-m/fpv4-sp/hard/crt0.o
LOAD Core/Src/MadgwickAHRS.o
LOAD Core/Src/i2c.o
LOAD Core/Src/main.o
LOAD Core/Src/mpu6500.o
LOAD Core/Src/mpu9250.o
LOAD Core/Src/stm32f3xx_hal_msp.o
LOAD Core/Src/stm32f3xx_it.o
LOAD Core/Src/syscalls.o
LOAD Core/Src/sysmem.o
LOAD Core/Src/system_stm32f3xx.o
LOAD Core/Startup/startup_stm32f303retx.o
LOAD Drivers/STM32F3xx_HAL_Driver/Src/stm32f3xx_hal.o
LOAD Drivers/STM32F3xx_HAL_Driver/Src/stm32f3xx_hal_cortex.o
LOAD Drivers/STM32F3xx_HAL_Driver/Src/stm32f3xx_hal_dma.o
LOAD Drivers/STM32F3xx_HAL_Driver/Src/stm32f3xx_hal_exti.o
LOAD Drivers/STM32F3xx_HAL_Driver/Src/stm32f3xx_hal_flash.o
LOAD Drivers/STM32F3xx_HAL_Driver/Src/stm32f3xx_hal_flash_ex.o
LOAD Drivers/STM32F3xx_HAL_Driver/Src/stm32f3xx_hal_gpio.o
LOAD Drivers/STM32F3xx_HAL_Driver/Src/stm32f3xx_hal_i2c.o
LOAD Drivers/STM32F3xx_HAL_Driver/Src/stm32f3xx_hal_i2c_ex.o
LOAD Drivers/STM32F3xx_HAL_Driver/Src/stm32f3xx_hal_pwr.o
LOAD Drivers/STM32F3xx_HAL_Driver/Src/stm32f3xx_hal_pwr_ex.o
LOAD Drivers/STM32F3xx_HAL_Driver/Src/stm32f3xx_hal_rcc.o
LOAD Drivers/STM32F3xx_HAL_Driver/Src/stm32f3xx_hal_rcc_ex.o
LOAD Drivers/STM32F3xx_HAL_Driver/Src/stm32f3xx_hal_tim.o
LOAD Drivers/STM32F3xx_HAL_Driver/Src/stm32f3xx_hal_tim_ex.o
LOAD Drivers/STM32F3xx_HAL_Driver/Src/stm32f3xx_hal_uart.o
LOAD Drivers/STM32F3xx_HAL_Driver/Src/stm32f3xx_hal_uart_ex.o
START GROUP
LOAD c:/st/stm32cubeide_1.4.0/stm32cubeide/plugins/com.st.stm32cube.ide.mcu.externaltools.gnu-tools-for-stm32.7-2018-q2-update.win32_1.4.0.202007081208/tools/bin/../lib/gcc/arm-none-eabi/7.3.1/../../../../arm-none-eabi/lib/thumb/v7e-m/fpv4-sp/hard\libc_nano.a
LOAD c:/st/stm32cubeide_1.4.0/stm32cubeide/plugins/com.st.stm32cube.ide.mcu.externaltools.gnu-tools-for-stm32.7-2018-q2-update.win32_1.4.0.202007081208/tools/bin/../lib/gcc/arm-none-eabi/7.3.1/../../../../arm-none-eabi/lib/thumb/v7e-m/fpv4-sp/hard\libm.a
END GROUP
START GROUP
LOAD c:/st/stm32cubeide_1.4.0/stm32cubeide/plugins/com.st.stm32cube.ide.mcu.externaltools.gnu-tools-for-stm32.7-2018-q2-update.win32_1.4.0.202007081208/tools/bin/../lib/gcc/arm-none-eabi/7.3.1/thumb/v7e-m/fpv4-sp/hard\libgcc.a
LOAD c:/st/stm32cubeide_1.4.0/stm32cubeide/plugins/com.st.stm32cube.ide.mcu.externaltools.gnu-tools-for-stm32.7-2018-q2-update.win32_1.4.0.202007081208/tools/bin/../lib/gcc/arm-none-eabi/7.3.1/../../../../arm-none-eabi/lib/thumb/v7e-m/fpv4-sp/hard\libc_nano.a
END GROUP
START GROUP
LOAD c:/st/stm32cubeide_1.4.0/stm32cubeide/plugins/com.st.stm32cube.ide.mcu.externaltools.gnu-tools-for-stm32.7-2018-q2-update.win32_1.4.0.202007081208/tools/bin/../lib/gcc/arm-none-eabi/7.3.1/thumb/v7e-m/fpv4-sp/hard\libgcc.a
LOAD c:/st/stm32cubeide_1.4.0/stm32cubeide/plugins/com.st.stm32cube.ide.mcu.externaltools.gnu-tools-for-stm32.7-2018-q2-update.win32_1.4.0.202007081208/tools/bin/../lib/gcc/arm-none-eabi/7.3.1/../../../../arm-none-eabi/lib/thumb/v7e-m/fpv4-sp/hard\libc_nano.a
LOAD c:/st/stm32cubeide_1.4.0/stm32cubeide/plugins/com.st.stm32cube.ide.mcu.externaltools.gnu-tools-for-stm32.7-2018-q2-update.win32_1.4.0.202007081208/tools/bin/../lib/gcc/arm-none-eabi/7.3.1/../../../../arm-none-eabi/lib/thumb/v7e-m/fpv4-sp/hard\libnosys.a
END GROUP
START GROUP
LOAD c:/st/stm32cubeide_1.4.0/stm32cubeide/plugins/com.st.stm32cube.ide.mcu.externaltools.gnu-tools-for-stm32.7-2018-q2-update.win32_1.4.0.202007081208/tools/bin/../lib/gcc/arm-none-eabi/7.3.1/thumb/v7e-m/fpv4-sp/hard\libgcc.a
LOAD c:/st/stm32cubeide_1.4.0/stm32cubeide/plugins/com.st.stm32cube.ide.mcu.externaltools.gnu-tools-for-stm32.7-2018-q2-update.win32_1.4.0.202007081208/tools/bin/../lib/gcc/arm-none-eabi/7.3.1/../../../../arm-none-eabi/lib/thumb/v7e-m/fpv4-sp/hard\libc_nano.a
LOAD c:/st/stm32cubeide_1.4.0/stm32cubeide/plugins/com.st.stm32cube.ide.mcu.externaltools.gnu-tools-for-stm32.7-2018-q2-update.win32_1.4.0.202007081208/tools/bin/../lib/gcc/arm-none-eabi/7.3.1/../../../../arm-none-eabi/lib/thumb/v7e-m/fpv4-sp/hard\libnosys.a
END GROUP
LOAD c:/st/stm32cubeide_1.4.0/stm32cubeide/plugins/com.st.stm32cube.ide.mcu.externaltools.gnu-tools-for-stm32.7-2018-q2-update.win32_1.4.0.202007081208/tools/bin/../lib/gcc/arm-none-eabi/7.3.1/thumb/v7e-m/fpv4-sp/hard/crtend.o
LOAD c:/st/stm32cubeide_1.4.0/stm32cubeide/plugins/com.st.stm32cube.ide.mcu.externaltools.gnu-tools-for-stm32.7-2018-q2-update.win32_1.4.0.202007081208/tools/bin/../lib/gcc/arm-none-eabi/7.3.1/thumb/v7e-m/fpv4-sp/hard/crtn.o
                0x0000000020010000                _estack = (ORIGIN (RAM) + LENGTH (RAM))
                0x0000000000000200                _Min_Heap_Size = 0x200
                0x0000000000000400                _Min_Stack_Size = 0x400

.isr_vector     0x0000000008000000      0x194
                0x0000000008000000                . = ALIGN (0x4)
 *(.isr_vector)
 .isr_vector    0x0000000008000000      0x194 Core/Startup/startup_stm32f303retx.o
                0x0000000008000000                g_pfnVectors
                0x0000000008000194                . = ALIGN (0x4)

.text           0x0000000008000198     0x52f8
                0x0000000008000198                . = ALIGN (0x4)
 *(.text)
 .text          0x0000000008000198       0x40 c:/st/stm32cubeide_1.4.0/stm32cubeide/plugins/com.st.stm32cube.ide.mcu.externaltools.gnu-tools-for-stm32.7-2018-q2-update.win32_1.4.0.202007081208/tools/bin/../lib/gcc/arm-none-eabi/7.3.1/thumb/v7e-m/fpv4-sp/hard/crtbegin.o
 .text          0x00000000080001d8      0x378 c:/st/stm32cubeide_1.4.0/stm32cubeide/plugins/com.st.stm32cube.ide.mcu.externaltools.gnu-tools-for-stm32.7-2018-q2-update.win32_1.4.0.202007081208/tools/bin/../lib/gcc/arm-none-eabi/7.3.1/thumb/v7e-m/fpv4-sp/hard\libgcc.a(_arm_addsubdf3.o)
                0x00000000080001d8                __aeabi_drsub
                0x00000000080001e0                __aeabi_dsub
                0x00000000080001e0                __subdf3
                0x00000000080001e4                __aeabi_dadd
                0x00000000080001e4                __adddf3
                0x000000000800045c                __floatunsidf
                0x000000000800045c                __aeabi_ui2d
                0x000000000800047c                __floatsidf
                0x000000000800047c                __aeabi_i2d
                0x00000000080004a0                __aeabi_f2d
                0x00000000080004a0                __extendsfdf2
                0x00000000080004e4                __floatundidf
                0x00000000080004e4                __aeabi_ul2d
                0x00000000080004f4                __floatdidf
                0x00000000080004f4                __aeabi_l2d
 .text          0x0000000008000550      0x424 c:/st/stm32cubeide_1.4.0/stm32cubeide/plugins/com.st.stm32cube.ide.mcu.externaltools.gnu-tools-for-stm32.7-2018-q2-update.win32_1.4.0.202007081208/tools/bin/../lib/gcc/arm-none-eabi/7.3.1/thumb/v7e-m/fpv4-sp/hard\libgcc.a(_arm_muldivdf3.o)
                0x0000000008000550                __aeabi_dmul
                0x0000000008000550                __muldf3
                0x00000000080007a4                __divdf3
                0x00000000080007a4                __aeabi_ddiv
 .text          0x0000000008000974       0xa0 c:/st/stm32cubeide_1.4.0/stm32cubeide/plugins/com.st.stm32cube.ide.mcu.externaltools.gnu-tools-for-stm32.7-2018-q2-update.win32_1.4.0.202007081208/tools/bin/../lib/gcc/arm-none-eabi/7.3.1/thumb/v7e-m/fpv4-sp/hard\libgcc.a(_arm_truncdfsf2.o)
                0x0000000008000974                __truncdfsf2
                0x0000000008000974                __aeabi_d2f
 *(.text*)
 .text.MadgwickAHRSupdateIMU
                0x0000000008000a14      0x664 Core/Src/MadgwickAHRS.o
                0x0000000008000a14                MadgwickAHRSupdateIMU
 .text.invSqrt  0x0000000008001078       0x78 Core/Src/MadgwickAHRS.o
                0x0000000008001078                invSqrt
 .text.MX_I2C1_Init
                0x00000000080010f0       0x88 Core/Src/i2c.o
                0x00000000080010f0                MX_I2C1_Init
 .text.main     0x0000000008001178      0x18c Core/Src/main.o
                0x0000000008001178                main
 .text.SystemClock_Config
                0x0000000008001304       0xc0 Core/Src/main.o
                0x0000000008001304                SystemClock_Config
 .text.MX_USART2_UART_Init
                0x00000000080013c4       0x60 Core/Src/main.o
 .text.MX_GPIO_Init
                0x0000000008001424       0xd0 Core/Src/main.o
 .text.Error_Handler
                0x00000000080014f4        0xe Core/Src/main.o
                0x00000000080014f4                Error_Handler
 *fill*         0x0000000008001502        0x2 
 .text.mpu6500InitializeControlStructure
                0x0000000008001504       0x98 Core/Src/mpu6500.o
 .text.mpu6500WriteRegister
                0x000000000800159c       0x58 Core/Src/mpu6500.o
 .text.mpu6500ReadRegisters
                0x00000000080015f4       0x80 Core/Src/mpu6500.o
 .text.mpu6500WhoAmI
                0x0000000008001674       0x28 Core/Src/mpu6500.o
 .text.mpu6500CalibrateGyro
                0x000000000800169c      0x1f4 Core/Src/mpu6500.o
 .text.mpu6500SetGyroRange
                0x0000000008001890       0xc0 Core/Src/mpu6500.o
 .text.mpu6500SetDlpfBandwidth
                0x0000000008001950      0x14c Core/Src/mpu6500.o
 .text.mpu6500SetSrd
                0x0000000008001a9c       0x4c Core/Src/mpu6500.o
 .text.mpu6500Init
                0x0000000008001ae8      0x19c Core/Src/mpu6500.o
                0x0000000008001ae8                mpu6500Init
 .text.mpu6500Read
                0x0000000008001c84      0x364 Core/Src/mpu6500.o
                0x0000000008001c84                mpu6500Read
 .text.mpu6500GetAccelX_mss
                0x0000000008001fe8       0x1c Core/Src/mpu6500.o
                0x0000000008001fe8                mpu6500GetAccelX_mss
 .text.mpu6500GetAccelY_mss
                0x0000000008002004       0x1c Core/Src/mpu6500.o
                0x0000000008002004                mpu6500GetAccelY_mss
 .text.mpu6500GetAccelZ_mss
                0x0000000008002020       0x1c Core/Src/mpu6500.o
                0x0000000008002020                mpu6500GetAccelZ_mss
 .text.mpu6500GetGyroX_rads
                0x000000000800203c       0x1c Core/Src/mpu6500.o
                0x000000000800203c                mpu6500GetGyroX_rads
 .text.mpu6500GetGyroY_rads
                0x0000000008002058       0x1c Core/Src/mpu6500.o
                0x0000000008002058                mpu6500GetGyroY_rads
 .text.mpu6500GetGyroZ_rads
                0x0000000008002074       0x1c Core/Src/mpu6500.o
                0x0000000008002074                mpu6500GetGyroZ_rads
 .text.HAL_MspInit
                0x0000000008002090       0x48 Core/Src/stm32f3xx_hal_msp.o
                0x0000000008002090                HAL_MspInit
 .text.HAL_I2C_MspInit
                0x00000000080020d8       0x88 Core/Src/stm32f3xx_hal_msp.o
                0x00000000080020d8                HAL_I2C_MspInit
 .text.HAL_UART_MspInit
                0x0000000008002160       0x84 Core/Src/stm32f3xx_hal_msp.o
                0x0000000008002160                HAL_UART_MspInit
 .text.NMI_Handler
                0x00000000080021e4        0xe Core/Src/stm32f3xx_it.o
                0x00000000080021e4                NMI_Handler
 .text.HardFault_Handler
                0x00000000080021f2        0x6 Core/Src/stm32f3xx_it.o
                0x00000000080021f2                HardFault_Handler
 .text.MemManage_Handler
                0x00000000080021f8        0x6 Core/Src/stm32f3xx_it.o
                0x00000000080021f8                MemManage_Handler
 .text.BusFault_Handler
                0x00000000080021fe        0x6 Core/Src/stm32f3xx_it.o
                0x00000000080021fe                BusFault_Handler
 .text.UsageFault_Handler
                0x0000000008002204        0x6 Core/Src/stm32f3xx_it.o
                0x0000000008002204                UsageFault_Handler
 .text.SVC_Handler
                0x000000000800220a        0xe Core/Src/stm32f3xx_it.o
                0x000000000800220a                SVC_Handler
 .text.DebugMon_Handler
                0x0000000008002218        0xe Core/Src/stm32f3xx_it.o
                0x0000000008002218                DebugMon_Handler
 .text.PendSV_Handler
                0x0000000008002226        0xe Core/Src/stm32f3xx_it.o
                0x0000000008002226                PendSV_Handler
 .text.SysTick_Handler
                0x0000000008002234        0xc Core/Src/stm32f3xx_it.o
                0x0000000008002234                SysTick_Handler
 .text.SystemInit
                0x0000000008002240       0x2c Core/Src/system_stm32f3xx.o
                0x0000000008002240                SystemInit
 .text.Reset_Handler
                0x000000000800226c       0x50 Core/Startup/startup_stm32f303retx.o
                0x000000000800226c                Reset_Handler
 .text.Default_Handler
                0x00000000080022bc        0x2 Core/Startup/startup_stm32f303retx.o
                0x00000000080022bc                RTC_Alarm_IRQHandler
                0x00000000080022bc                TIM8_TRG_COM_IRQHandler
                0x00000000080022bc                TIM8_CC_IRQHandler
                0x00000000080022bc                SPI4_IRQHandler
                0x00000000080022bc                TIM1_CC_IRQHandler
                0x00000000080022bc                USB_HP_IRQHandler
                0x00000000080022bc                PVD_IRQHandler
                0x00000000080022bc                TAMP_STAMP_IRQHandler
                0x00000000080022bc                EXTI3_IRQHandler
                0x00000000080022bc                I2C3_ER_IRQHandler
                0x00000000080022bc                USB_HP_CAN_TX_IRQHandler
                0x00000000080022bc                EXTI0_IRQHandler
                0x00000000080022bc                I2C2_EV_IRQHandler
                0x00000000080022bc                FPU_IRQHandler
                0x00000000080022bc                TIM1_UP_TIM16_IRQHandler
                0x00000000080022bc                ADC1_2_IRQHandler
                0x00000000080022bc                SPI1_IRQHandler
                0x00000000080022bc                CAN_SCE_IRQHandler
                0x00000000080022bc                TIM6_DAC_IRQHandler
                0x00000000080022bc                TIM8_UP_IRQHandler
                0x00000000080022bc                DMA2_Channel2_IRQHandler
                0x00000000080022bc                DMA1_Channel4_IRQHandler
                0x00000000080022bc                TIM20_TRG_COM_IRQHandler
                0x00000000080022bc                USART3_IRQHandler
                0x00000000080022bc                DMA1_Channel7_IRQHandler
                0x00000000080022bc                UART5_IRQHandler
                0x00000000080022bc                ADC3_IRQHandler
                0x00000000080022bc                TIM4_IRQHandler
                0x00000000080022bc                CAN_RX1_IRQHandler
                0x00000000080022bc                DMA2_Channel1_IRQHandler
                0x00000000080022bc                I2C1_EV_IRQHandler
                0x00000000080022bc                DMA1_Channel6_IRQHandler
                0x00000000080022bc                UART4_IRQHandler
                0x00000000080022bc                DMA2_Channel4_IRQHandler
                0x00000000080022bc                TIM3_IRQHandler
                0x00000000080022bc                RCC_IRQHandler
                0x00000000080022bc                TIM20_UP_IRQHandler
                0x00000000080022bc                DMA1_Channel1_IRQHandler
                0x00000000080022bc                Default_Handler
                0x00000000080022bc                USBWakeUp_RMP_IRQHandler
                0x00000000080022bc                EXTI15_10_IRQHandler
                0x00000000080022bc                TIM7_IRQHandler
                0x00000000080022bc                I2C3_EV_IRQHandler
                0x00000000080022bc                EXTI9_5_IRQHandler
                0x00000000080022bc                RTC_WKUP_IRQHandler
                0x00000000080022bc                SPI2_IRQHandler
                0x00000000080022bc                USB_LP_CAN_RX0_IRQHandler
                0x00000000080022bc                DMA2_Channel5_IRQHandler
                0x00000000080022bc                DMA1_Channel5_IRQHandler
                0x00000000080022bc                USB_LP_IRQHandler
                0x00000000080022bc                EXTI4_IRQHandler
                0x00000000080022bc                TIM1_TRG_COM_TIM17_IRQHandler
                0x00000000080022bc                DMA1_Channel3_IRQHandler
                0x00000000080022bc                ADC4_IRQHandler
                0x00000000080022bc                WWDG_IRQHandler
                0x00000000080022bc                TIM2_IRQHandler
                0x00000000080022bc                COMP7_IRQHandler
                0x00000000080022bc                COMP1_2_3_IRQHandler
                0x00000000080022bc                EXTI1_IRQHandler
                0x00000000080022bc                USART2_IRQHandler
                0x00000000080022bc                COMP4_5_6_IRQHandler
                0x00000000080022bc                TIM20_BRK_IRQHandler
                0x00000000080022bc                I2C2_ER_IRQHandler
                0x00000000080022bc                DMA1_Channel2_IRQHandler
                0x00000000080022bc                TIM8_BRK_IRQHandler
                0x00000000080022bc                FLASH_IRQHandler
                0x00000000080022bc                TIM20_CC_IRQHandler
                0x00000000080022bc                USART1_IRQHandler
                0x00000000080022bc                SPI3_IRQHandler
                0x00000000080022bc                I2C1_ER_IRQHandler
                0x00000000080022bc                FMC_IRQHandler
                0x00000000080022bc                USBWakeUp_IRQHandler
                0x00000000080022bc                DMA2_Channel3_IRQHandler
                0x00000000080022bc                EXTI2_TSC_IRQHandler
                0x00000000080022bc                TIM1_BRK_TIM15_IRQHandler
 *fill*         0x00000000080022be        0x2 
 .text.HAL_Init
                0x00000000080022c0       0x2c Drivers/STM32F3xx_HAL_Driver/Src/stm32f3xx_hal.o
                0x00000000080022c0                HAL_Init
 .text.HAL_InitTick
                0x00000000080022ec       0x60 Drivers/STM32F3xx_HAL_Driver/Src/stm32f3xx_hal.o
                0x00000000080022ec                HAL_InitTick
 .text.HAL_IncTick
                0x000000000800234c       0x28 Drivers/STM32F3xx_HAL_Driver/Src/stm32f3xx_hal.o
                0x000000000800234c                HAL_IncTick
 .text.HAL_GetTick
                0x0000000008002374       0x18 Drivers/STM32F3xx_HAL_Driver/Src/stm32f3xx_hal.o
                0x0000000008002374                HAL_GetTick
 .text.HAL_Delay
                0x000000000800238c       0x44 Drivers/STM32F3xx_HAL_Driver/Src/stm32f3xx_hal.o
                0x000000000800238c                HAL_Delay
 .text.__NVIC_SetPriorityGrouping
                0x00000000080023d0       0x48 Drivers/STM32F3xx_HAL_Driver/Src/stm32f3xx_hal_cortex.o
 .text.__NVIC_GetPriorityGrouping
                0x0000000008002418       0x1c Drivers/STM32F3xx_HAL_Driver/Src/stm32f3xx_hal_cortex.o
 .text.__NVIC_SetPriority
                0x0000000008002434       0x54 Drivers/STM32F3xx_HAL_Driver/Src/stm32f3xx_hal_cortex.o
 .text.NVIC_EncodePriority
                0x0000000008002488       0x66 Drivers/STM32F3xx_HAL_Driver/Src/stm32f3xx_hal_cortex.o
 *fill*         0x00000000080024ee        0x2 
 .text.SysTick_Config
                0x00000000080024f0       0x44 Drivers/STM32F3xx_HAL_Driver/Src/stm32f3xx_hal_cortex.o
 .text.HAL_NVIC_SetPriorityGrouping
                0x0000000008002534       0x16 Drivers/STM32F3xx_HAL_Driver/Src/stm32f3xx_hal_cortex.o
                0x0000000008002534                HAL_NVIC_SetPriorityGrouping
 .text.HAL_NVIC_SetPriority
                0x000000000800254a       0x38 Drivers/STM32F3xx_HAL_Driver/Src/stm32f3xx_hal_cortex.o
                0x000000000800254a                HAL_NVIC_SetPriority
 .text.HAL_SYSTICK_Config
                0x0000000008002582       0x18 Drivers/STM32F3xx_HAL_Driver/Src/stm32f3xx_hal_cortex.o
                0x0000000008002582                HAL_SYSTICK_Config
 *fill*         0x000000000800259a        0x2 
 .text.HAL_GPIO_Init
                0x000000000800259c      0x314 Drivers/STM32F3xx_HAL_Driver/Src/stm32f3xx_hal_gpio.o
                0x000000000800259c                HAL_GPIO_Init
 .text.HAL_GPIO_WritePin
                0x00000000080028b0       0x30 Drivers/STM32F3xx_HAL_Driver/Src/stm32f3xx_hal_gpio.o
                0x00000000080028b0                HAL_GPIO_WritePin
 .text.HAL_GPIO_TogglePin
                0x00000000080028e0       0x34 Drivers/STM32F3xx_HAL_Driver/Src/stm32f3xx_hal_gpio.o
                0x00000000080028e0                HAL_GPIO_TogglePin
 .text.HAL_I2C_Init
                0x0000000008002914      0x11e Drivers/STM32F3xx_HAL_Driver/Src/stm32f3xx_hal_i2c.o
                0x0000000008002914                HAL_I2C_Init
 *fill*         0x0000000008002a32        0x2 
 .text.HAL_I2C_Master_Transmit
                0x0000000008002a34      0x1e8 Drivers/STM32F3xx_HAL_Driver/Src/stm32f3xx_hal_i2c.o
                0x0000000008002a34                HAL_I2C_Master_Transmit
 .text.HAL_I2C_Master_Receive
                0x0000000008002c1c      0x1ec Drivers/STM32F3xx_HAL_Driver/Src/stm32f3xx_hal_i2c.o
                0x0000000008002c1c                HAL_I2C_Master_Receive
 .text.I2C_Flush_TXDR
                0x0000000008002e08       0x48 Drivers/STM32F3xx_HAL_Driver/Src/stm32f3xx_hal_i2c.o
 .text.I2C_WaitOnFlagUntilTimeout
                0x0000000008002e50       0x80 Drivers/STM32F3xx_HAL_Driver/Src/stm32f3xx_hal_i2c.o
 .text.I2C_WaitOnTXISFlagUntilTimeout
                0x0000000008002ed0       0x80 Drivers/STM32F3xx_HAL_Driver/Src/stm32f3xx_hal_i2c.o
 .text.I2C_WaitOnSTOPFlagUntilTimeout
                0x0000000008002f50       0x78 Drivers/STM32F3xx_HAL_Driver/Src/stm32f3xx_hal_i2c.o
 .text.I2C_WaitOnRXNEFlagUntilTimeout
                0x0000000008002fc8       0xd8 Drivers/STM32F3xx_HAL_Driver/Src/stm32f3xx_hal_i2c.o
 .text.I2C_IsAcknowledgeFailed
                0x00000000080030a0       0xcc Drivers/STM32F3xx_HAL_Driver/Src/stm32f3xx_hal_i2c.o
 .text.I2C_TransferConfig
                0x000000000800316c       0x5c Drivers/STM32F3xx_HAL_Driver/Src/stm32f3xx_hal_i2c.o
 .text.HAL_I2CEx_ConfigAnalogFilter
                0x00000000080031c8       0x96 Drivers/STM32F3xx_HAL_Driver/Src/stm32f3xx_hal_i2c_ex.o
                0x00000000080031c8                HAL_I2CEx_ConfigAnalogFilter
 .text.HAL_I2CEx_ConfigDigitalFilter
                0x000000000800325e       0x98 Drivers/STM32F3xx_HAL_Driver/Src/stm32f3xx_hal_i2c_ex.o
                0x000000000800325e                HAL_I2CEx_ConfigDigitalFilter
 *fill*         0x00000000080032f6        0x2 
 .text.HAL_RCC_OscConfig
                0x00000000080032f8      0xe2c Drivers/STM32F3xx_HAL_Driver/Src/stm32f3xx_hal_rcc.o
                0x00000000080032f8                HAL_RCC_OscConfig
 .text.HAL_RCC_ClockConfig
                0x0000000008004124      0x2f8 Drivers/STM32F3xx_HAL_Driver/Src/stm32f3xx_hal_rcc.o
                0x0000000008004124                HAL_RCC_ClockConfig
 .text.HAL_RCC_GetSysClockFreq
                0x000000000800441c       0xd4 Drivers/STM32F3xx_HAL_Driver/Src/stm32f3xx_hal_rcc.o
                0x000000000800441c                HAL_RCC_GetSysClockFreq
 .text.HAL_RCC_GetHCLKFreq
                0x00000000080044f0       0x18 Drivers/STM32F3xx_HAL_Driver/Src/stm32f3xx_hal_rcc.o
                0x00000000080044f0                HAL_RCC_GetHCLKFreq
 .text.HAL_RCC_GetPCLK1Freq
                0x0000000008004508       0x44 Drivers/STM32F3xx_HAL_Driver/Src/stm32f3xx_hal_rcc.o
                0x0000000008004508                HAL_RCC_GetPCLK1Freq
 .text.HAL_RCC_GetPCLK2Freq
                0x000000000800454c       0x44 Drivers/STM32F3xx_HAL_Driver/Src/stm32f3xx_hal_rcc.o
                0x000000000800454c                HAL_RCC_GetPCLK2Freq
 .text.HAL_RCCEx_PeriphCLKConfig
                0x0000000008004590      0x43c Drivers/STM32F3xx_HAL_Driver/Src/stm32f3xx_hal_rcc_ex.o
                0x0000000008004590                HAL_RCCEx_PeriphCLKConfig
 .text.HAL_UART_Init
                0x00000000080049cc       0x9c Drivers/STM32F3xx_HAL_Driver/Src/stm32f3xx_hal_uart.o
                0x00000000080049cc                HAL_UART_Init
 .text.HAL_UART_Transmit
                0x0000000008004a68      0x126 Drivers/STM32F3xx_HAL_Driver/Src/stm32f3xx_hal_uart.o
                0x0000000008004a68                HAL_UART_Transmit
 .text.HAL_UART_Receive
                0x0000000008004b8e      0x19a Drivers/STM32F3xx_HAL_Driver/Src/stm32f3xx_hal_uart.o
                0x0000000008004b8e                HAL_UART_Receive
 .text.UART_SetConfig
                0x0000000008004d28      0x434 Drivers/STM32F3xx_HAL_Driver/Src/stm32f3xx_hal_uart.o
                0x0000000008004d28                UART_SetConfig
 .text.UART_AdvFeatureConfig
                0x000000000800515c      0x144 Drivers/STM32F3xx_HAL_Driver/Src/stm32f3xx_hal_uart.o
                0x000000000800515c                UART_AdvFeatureConfig
 .text.UART_CheckIdleState
                0x00000000080052a0       0x8a Drivers/STM32F3xx_HAL_Driver/Src/stm32f3xx_hal_uart.o
                0x00000000080052a0                UART_CheckIdleState
 .text.UART_WaitOnFlagUntilTimeout
                0x000000000800532a       0xf6 Drivers/STM32F3xx_HAL_Driver/Src/stm32f3xx_hal_uart.o
                0x000000000800532a                UART_WaitOnFlagUntilTimeout
 .text.__libc_init_array
                0x0000000008005420       0x48 c:/st/stm32cubeide_1.4.0/stm32cubeide/plugins/com.st.stm32cube.ide.mcu.externaltools.gnu-tools-for-stm32.7-2018-q2-update.win32_1.4.0.202007081208/tools/bin/../lib/gcc/arm-none-eabi/7.3.1/../../../../arm-none-eabi/lib/thumb/v7e-m/fpv4-sp/hard\libc_nano.a(lib_a-init.o)
                0x0000000008005420                __libc_init_array
 .text.memset   0x0000000008005468       0x10 c:/st/stm32cubeide_1.4.0/stm32cubeide/plugins/com.st.stm32cube.ide.mcu.externaltools.gnu-tools-for-stm32.7-2018-q2-update.win32_1.4.0.202007081208/tools/bin/../lib/gcc/arm-none-eabi/7.3.1/../../../../arm-none-eabi/lib/thumb/v7e-m/fpv4-sp/hard\libc_nano.a(lib_a-memset.o)
                0x0000000008005468                memset
 *(.glue_7)
 .glue_7        0x0000000008005478        0x0 linker stubs
 *(.glue_7t)
 .glue_7t       0x0000000008005478        0x0 linker stubs
 *(.eh_frame)
 .eh_frame      0x0000000008005478        0x0 c:/st/stm32cubeide_1.4.0/stm32cubeide/plugins/com.st.stm32cube.ide.mcu.externaltools.gnu-tools-for-stm32.7-2018-q2-update.win32_1.4.0.202007081208/tools/bin/../lib/gcc/arm-none-eabi/7.3.1/thumb/v7e-m/fpv4-sp/hard/crtbegin.o
 *(.init)
 .init          0x0000000008005478        0x4 c:/st/stm32cubeide_1.4.0/stm32cubeide/plugins/com.st.stm32cube.ide.mcu.externaltools.gnu-tools-for-stm32.7-2018-q2-update.win32_1.4.0.202007081208/tools/bin/../lib/gcc/arm-none-eabi/7.3.1/thumb/v7e-m/fpv4-sp/hard/crti.o
                0x0000000008005478                _init
 .init          0x000000000800547c        0x8 c:/st/stm32cubeide_1.4.0/stm32cubeide/plugins/com.st.stm32cube.ide.mcu.externaltools.gnu-tools-for-stm32.7-2018-q2-update.win32_1.4.0.202007081208/tools/bin/../lib/gcc/arm-none-eabi/7.3.1/thumb/v7e-m/fpv4-sp/hard/crtn.o
 *(.fini)
 .fini          0x0000000008005484        0x4 c:/st/stm32cubeide_1.4.0/stm32cubeide/plugins/com.st.stm32cube.ide.mcu.externaltools.gnu-tools-for-stm32.7-2018-q2-update.win32_1.4.0.202007081208/tools/bin/../lib/gcc/arm-none-eabi/7.3.1/thumb/v7e-m/fpv4-sp/hard/crti.o
                0x0000000008005484                _fini
 .fini          0x0000000008005488        0x8 c:/st/stm32cubeide_1.4.0/stm32cubeide/plugins/com.st.stm32cube.ide.mcu.externaltools.gnu-tools-for-stm32.7-2018-q2-update.win32_1.4.0.202007081208/tools/bin/../lib/gcc/arm-none-eabi/7.3.1/thumb/v7e-m/fpv4-sp/hard/crtn.o
                0x0000000008005490                . = ALIGN (0x4)
                0x0000000008005490                _etext = .

.vfp11_veneer   0x0000000008005490        0x0
 .vfp11_veneer  0x0000000008005490        0x0 linker stubs

.v4_bx          0x0000000008005490        0x0
 .v4_bx         0x0000000008005490        0x0 linker stubs

.iplt           0x0000000008005490        0x0
 .iplt          0x0000000008005490        0x0 c:/st/stm32cubeide_1.4.0/stm32cubeide/plugins/com.st.stm32cube.ide.mcu.externaltools.gnu-tools-for-stm32.7-2018-q2-update.win32_1.4.0.202007081208/tools/bin/../lib/gcc/arm-none-eabi/7.3.1/thumb/v7e-m/fpv4-sp/hard/crtbegin.o

.rodata         0x0000000008005490       0x38
                0x0000000008005490                . = ALIGN (0x4)
 *(.rodata)
 *(.rodata*)
 .rodata.AHBPrescTable
                0x0000000008005490       0x10 Core/Src/system_stm32f3xx.o
                0x0000000008005490                AHBPrescTable
 .rodata.APBPrescTable
                0x00000000080054a0        0x8 Core/Src/system_stm32f3xx.o
                0x00000000080054a0                APBPrescTable
 .rodata.aPLLMULFactorTable
                0x00000000080054a8       0x10 Drivers/STM32F3xx_HAL_Driver/Src/stm32f3xx_hal_rcc.o
                0x00000000080054a8                aPLLMULFactorTable
 .rodata.aPredivFactorTable
                0x00000000080054b8       0x10 Drivers/STM32F3xx_HAL_Driver/Src/stm32f3xx_hal_rcc.o
                0x00000000080054b8                aPredivFactorTable
                0x00000000080054c8                . = ALIGN (0x4)

.rel.dyn        0x00000000080054c8        0x0
 .rel.iplt      0x00000000080054c8        0x0 c:/st/stm32cubeide_1.4.0/stm32cubeide/plugins/com.st.stm32cube.ide.mcu.externaltools.gnu-tools-for-stm32.7-2018-q2-update.win32_1.4.0.202007081208/tools/bin/../lib/gcc/arm-none-eabi/7.3.1/thumb/v7e-m/fpv4-sp/hard/crtbegin.o

.ARM.extab      0x00000000080054c8        0x0
                0x00000000080054c8                . = ALIGN (0x4)
 *(.ARM.extab* .gnu.linkonce.armextab.*)
                0x00000000080054c8                . = ALIGN (0x4)

.ARM            0x00000000080054c8        0x0
                0x00000000080054c8                . = ALIGN (0x4)
                0x00000000080054c8                __exidx_start = .
 *(.ARM.exidx*)
                0x00000000080054c8                __exidx_end = .
                0x00000000080054c8                . = ALIGN (0x4)

.preinit_array  0x00000000080054c8        0x0
                0x00000000080054c8                . = ALIGN (0x4)
                0x00000000080054c8                PROVIDE (__preinit_array_start = .)
 *(.preinit_array*)
                0x00000000080054c8                PROVIDE (__preinit_array_end = .)
                0x00000000080054c8                . = ALIGN (0x4)

.init_array     0x00000000080054c8        0x4
                0x00000000080054c8                . = ALIGN (0x4)
                0x00000000080054c8                PROVIDE (__init_array_start = .)
 *(SORT_BY_NAME(.init_array.*))
 *(.init_array*)
 .init_array    0x00000000080054c8        0x4 c:/st/stm32cubeide_1.4.0/stm32cubeide/plugins/com.st.stm32cube.ide.mcu.externaltools.gnu-tools-for-stm32.7-2018-q2-update.win32_1.4.0.202007081208/tools/bin/../lib/gcc/arm-none-eabi/7.3.1/thumb/v7e-m/fpv4-sp/hard/crtbegin.o
                0x00000000080054cc                PROVIDE (__init_array_end = .)
                0x00000000080054cc                . = ALIGN (0x4)

.fini_array     0x00000000080054cc        0x4
                0x00000000080054cc                . = ALIGN (0x4)
                [!provide]                        PROVIDE (__fini_array_start = .)
 *(SORT_BY_NAME(.fini_array.*))
 *(.fini_array*)
 .fini_array    0x00000000080054cc        0x4 c:/st/stm32cubeide_1.4.0/stm32cubeide/plugins/com.st.stm32cube.ide.mcu.externaltools.gnu-tools-for-stm32.7-2018-q2-update.win32_1.4.0.202007081208/tools/bin/../lib/gcc/arm-none-eabi/7.3.1/thumb/v7e-m/fpv4-sp/hard/crtbegin.o
                [!provide]                        PROVIDE (__fini_array_end = .)
                0x00000000080054d0                . = ALIGN (0x4)
                0x00000000080054d0                _sidata = LOADADDR (.data)

.data           0x0000000020000000       0x14 load address 0x00000000080054d0
                0x0000000020000000                . = ALIGN (0x4)
                0x0000000020000000                _sdata = .
 *(.data)
 *(.data*)
 .data.beta     0x0000000020000000        0x4 Core/Src/MadgwickAHRS.o
                0x0000000020000000                beta
 .data.q0       0x0000000020000004        0x4 Core/Src/MadgwickAHRS.o
                0x0000000020000004                q0
 .data.SystemCoreClock
                0x0000000020000008        0x4 Core/Src/system_stm32f3xx.o
                0x0000000020000008                SystemCoreClock
 .data.uwTickPrio
                0x000000002000000c        0x4 Drivers/STM32F3xx_HAL_Driver/Src/stm32f3xx_hal.o
                0x000000002000000c                uwTickPrio
 .data.uwTickFreq
                0x0000000020000010        0x1 Drivers/STM32F3xx_HAL_Driver/Src/stm32f3xx_hal.o
                0x0000000020000010                uwTickFreq
                0x0000000020000014                . = ALIGN (0x4)
 *fill*         0x0000000020000011        0x3 
                0x0000000020000014                _edata = .

.igot.plt       0x0000000020000014        0x0 load address 0x00000000080054e4
 .igot.plt      0x0000000020000014        0x0 c:/st/stm32cubeide_1.4.0/stm32cubeide/plugins/com.st.stm32cube.ide.mcu.externaltools.gnu-tools-for-stm32.7-2018-q2-update.win32_1.4.0.202007081208/tools/bin/../lib/gcc/arm-none-eabi/7.3.1/thumb/v7e-m/fpv4-sp/hard/crtbegin.o
                0x0000000020000014                . = ALIGN (0x4)

.bss            0x0000000020000018      0x1e8 load address 0x00000000080054e4
                0x0000000020000018                _sbss = .
                0x0000000020000018                __bss_start__ = _sbss
 *(.bss)
 .bss           0x0000000020000018       0x1c c:/st/stm32cubeide_1.4.0/stm32cubeide/plugins/com.st.stm32cube.ide.mcu.externaltools.gnu-tools-for-stm32.7-2018-q2-update.win32_1.4.0.202007081208/tools/bin/../lib/gcc/arm-none-eabi/7.3.1/thumb/v7e-m/fpv4-sp/hard/crtbegin.o
 *(.bss*)
 .bss.q1        0x0000000020000034        0x4 Core/Src/MadgwickAHRS.o
                0x0000000020000034                q1
 .bss.q2        0x0000000020000038        0x4 Core/Src/MadgwickAHRS.o
                0x0000000020000038                q2
 .bss.q3        0x000000002000003c        0x4 Core/Src/MadgwickAHRS.o
                0x000000002000003c                q3
 .bss.control   0x0000000020000040       0xf0 Core/Src/mpu6500.o
 *(COMMON)
 COMMON         0x0000000020000130       0x4c Core/Src/i2c.o
                0x0000000020000130                hi2c1
 COMMON         0x000000002000017c       0x80 Core/Src/main.o
                0x000000002000017c                huart2
 COMMON         0x00000000200001fc        0x4 Drivers/STM32F3xx_HAL_Driver/Src/stm32f3xx_hal.o
                0x00000000200001fc                uwTick
                0x0000000020000200                . = ALIGN (0x4)
                0x0000000020000200                _ebss = .
                0x0000000020000200                __bss_end__ = _ebss

._user_heap_stack
                0x0000000020000200      0x600 load address 0x00000000080054e4
                0x0000000020000200                . = ALIGN (0x8)
                [!provide]                        PROVIDE (end = .)
                0x0000000020000200                PROVIDE (_end = .)
                0x0000000020000400                . = (. + _Min_Heap_Size)
 *fill*         0x0000000020000200      0x200 
                0x0000000020000800                . = (. + _Min_Stack_Size)
 *fill*         0x0000000020000400      0x400 
                0x0000000020000800                . = ALIGN (0x8)

/DISCARD/
 libc.a(*)
 libm.a(*)
 libgcc.a(*)

.ARM.attributes
                0x0000000000000000       0x30
 *(.ARM.attributes)
 .ARM.attributes
                0x0000000000000000       0x22 c:/st/stm32cubeide_1.4.0/stm32cubeide/plugins/com.st.stm32cube.ide.mcu.externaltools.gnu-tools-for-stm32.7-2018-q2-update.win32_1.4.0.202007081208/tools/bin/../lib/gcc/arm-none-eabi/7.3.1/thumb/v7e-m/fpv4-sp/hard/crti.o
 .ARM.attributes
                0x0000000000000022       0x34 c:/st/stm32cubeide_1.4.0/stm32cubeide/plugins/com.st.stm32cube.ide.mcu.externaltools.gnu-tools-for-stm32.7-2018-q2-update.win32_1.4.0.202007081208/tools/bin/../lib/gcc/arm-none-eabi/7.3.1/thumb/v7e-m/fpv4-sp/hard/crtbegin.o
 .ARM.attributes
                0x0000000000000056       0x39 Core/Src/MadgwickAHRS.o
 .ARM.attributes
                0x000000000000008f       0x39 Core/Src/i2c.o
 .ARM.attributes
                0x00000000000000c8       0x39 Core/Src/main.o
 .ARM.attributes
                0x0000000000000101       0x39 Core/Src/mpu6500.o
 .ARM.attributes
                0x000000000000013a       0x39 Core/Src/stm32f3xx_hal_msp.o
 .ARM.attributes
                0x0000000000000173       0x39 Core/Src/stm32f3xx_it.o
 .ARM.attributes
                0x00000000000001ac       0x39 Core/Src/system_stm32f3xx.o
 .ARM.attributes
                0x00000000000001e5       0x21 Core/Startup/startup_stm32f303retx.o
 .ARM.attributes
                0x0000000000000206       0x39 Drivers/STM32F3xx_HAL_Driver/Src/stm32f3xx_hal.o
 .ARM.attributes
                0x000000000000023f       0x39 Drivers/STM32F3xx_HAL_Driver/Src/stm32f3xx_hal_cortex.o
 .ARM.attributes
                0x0000000000000278       0x39 Drivers/STM32F3xx_HAL_Driver/Src/stm32f3xx_hal_gpio.o
 .ARM.attributes
                0x00000000000002b1       0x39 Drivers/STM32F3xx_HAL_Driver/Src/stm32f3xx_hal_i2c.o
 .ARM.attributes
                0x00000000000002ea       0x39 Drivers/STM32F3xx_HAL_Driver/Src/stm32f3xx_hal_i2c_ex.o
 .ARM.attributes
                0x0000000000000323       0x39 Drivers/STM32F3xx_HAL_Driver/Src/stm32f3xx_hal_rcc.o
 .ARM.attributes
                0x000000000000035c       0x39 Drivers/STM32F3xx_HAL_Driver/Src/stm32f3xx_hal_rcc_ex.o
 .ARM.attributes
                0x0000000000000395       0x39 Drivers/STM32F3xx_HAL_Driver/Src/stm32f3xx_hal_uart.o
 .ARM.attributes
                0x00000000000003ce       0x34 c:/st/stm32cubeide_1.4.0/stm32cubeide/plugins/com.st.stm32cube.ide.mcu.externaltools.gnu-tools-for-stm32.7-2018-q2-update.win32_1.4.0.202007081208/tools/bin/../lib/gcc/arm-none-eabi/7.3.1/../../../../arm-none-eabi/lib/thumb/v7e-m/fpv4-sp/hard\libc_nano.a(lib_a-init.o)
 .ARM.attributes
                0x0000000000000402       0x34 c:/st/stm32cubeide_1.4.0/stm32cubeide/plugins/com.st.stm32cube.ide.mcu.externaltools.gnu-tools-for-stm32.7-2018-q2-update.win32_1.4.0.202007081208/tools/bin/../lib/gcc/arm-none-eabi/7.3.1/../../../../arm-none-eabi/lib/thumb/v7e-m/fpv4-sp/hard\libc_nano.a(lib_a-memset.o)
 .ARM.attributes
                0x0000000000000436       0x22 c:/st/stm32cubeide_1.4.0/stm32cubeide/plugins/com.st.stm32cube.ide.mcu.externaltools.gnu-tools-for-stm32.7-2018-q2-update.win32_1.4.0.202007081208/tools/bin/../lib/gcc/arm-none-eabi/7.3.1/thumb/v7e-m/fpv4-sp/hard\libgcc.a(_arm_addsubdf3.o)
 .ARM.attributes
                0x0000000000000458       0x22 c:/st/stm32cubeide_1.4.0/stm32cubeide/plugins/com.st.stm32cube.ide.mcu.externaltools.gnu-tools-for-stm32.7-2018-q2-update.win32_1.4.0.202007081208/tools/bin/../lib/gcc/arm-none-eabi/7.3.1/thumb/v7e-m/fpv4-sp/hard\libgcc.a(_arm_muldivdf3.o)
 .ARM.attributes
                0x000000000000047a       0x22 c:/st/stm32cubeide_1.4.0/stm32cubeide/plugins/com.st.stm32cube.ide.mcu.externaltools.gnu-tools-for-stm32.7-2018-q2-update.win32_1.4.0.202007081208/tools/bin/../lib/gcc/arm-none-eabi/7.3.1/thumb/v7e-m/fpv4-sp/hard\libgcc.a(_arm_truncdfsf2.o)
 .ARM.attributes
                0x000000000000049c       0x22 c:/st/stm32cubeide_1.4.0/stm32cubeide/plugins/com.st.stm32cube.ide.mcu.externaltools.gnu-tools-for-stm32.7-2018-q2-update.win32_1.4.0.202007081208/tools/bin/../lib/gcc/arm-none-eabi/7.3.1/thumb/v7e-m/fpv4-sp/hard/crtn.o
OUTPUT(sensorfusion.elf elf32-littlearm)

.debug_info     0x0000000000000000     0xbc62
 .debug_info    0x0000000000000000      0xdc0 Core/Src/MadgwickAHRS.o
 .debug_info    0x0000000000000dc0      0x6a1 Core/Src/i2c.o
 .debug_info    0x0000000000001461      0xc90 Core/Src/main.o
 .debug_info    0x00000000000020f1      0xc9a Core/Src/mpu6500.o
 .debug_info    0x0000000000002d8b      0xc74 Core/Src/stm32f3xx_hal_msp.o
 .debug_info    0x00000000000039ff      0x20d Core/Src/stm32f3xx_it.o
 .debug_info    0x0000000000003c0c      0x45c Core/Src/system_stm32f3xx.o
 .debug_info    0x0000000000004068       0x22 Core/Startup/startup_stm32f303retx.o
 .debug_info    0x000000000000408a      0x812 Drivers/STM32F3xx_HAL_Driver/Src/stm32f3xx_hal.o
 .debug_info    0x000000000000489c      0xdc9 Drivers/STM32F3xx_HAL_Driver/Src/stm32f3xx_hal_cortex.o
 .debug_info    0x0000000000005665      0x7c1 Drivers/STM32F3xx_HAL_Driver/Src/stm32f3xx_hal_gpio.o
 .debug_info    0x0000000000005e26     0x1fe5 Drivers/STM32F3xx_HAL_Driver/Src/stm32f3xx_hal_i2c.o
 .debug_info    0x0000000000007e0b      0x994 Drivers/STM32F3xx_HAL_Driver/Src/stm32f3xx_hal_i2c_ex.o
 .debug_info    0x000000000000879f     0x181f Drivers/STM32F3xx_HAL_Driver/Src/stm32f3xx_hal_rcc.o
 .debug_info    0x0000000000009fbe      0x712 Drivers/STM32F3xx_HAL_Driver/Src/stm32f3xx_hal_rcc_ex.o
 .debug_info    0x000000000000a6d0     0x1592 Drivers/STM32F3xx_HAL_Driver/Src/stm32f3xx_hal_uart.o

.debug_abbrev   0x0000000000000000     0x1c6e
 .debug_abbrev  0x0000000000000000      0x221 Core/Src/MadgwickAHRS.o
 .debug_abbrev  0x0000000000000221      0x15c Core/Src/i2c.o
 .debug_abbrev  0x000000000000037d      0x1ff Core/Src/main.o
 .debug_abbrev  0x000000000000057c      0x24a Core/Src/mpu6500.o
 .debug_abbrev  0x00000000000007c6      0x197 Core/Src/stm32f3xx_hal_msp.o
 .debug_abbrev  0x000000000000095d       0xc6 Core/Src/stm32f3xx_it.o
 .debug_abbrev  0x0000000000000a23      0x12b Core/Src/system_stm32f3xx.o
 .debug_abbrev  0x0000000000000b4e       0x12 Core/Startup/startup_stm32f303retx.o
 .debug_abbrev  0x0000000000000b60      0x1c7 Drivers/STM32F3xx_HAL_Driver/Src/stm32f3xx_hal.o
 .debug_abbrev  0x0000000000000d27      0x2fa Drivers/STM32F3xx_HAL_Driver/Src/stm32f3xx_hal_cortex.o
 .debug_abbrev  0x0000000000001021      0x1c0 Drivers/STM32F3xx_HAL_Driver/Src/stm32f3xx_hal_gpio.o
 .debug_abbrev  0x00000000000011e1      0x22a Drivers/STM32F3xx_HAL_Driver/Src/stm32f3xx_hal_i2c.o
 .debug_abbrev  0x000000000000140b      0x1b9 Drivers/STM32F3xx_HAL_Driver/Src/stm32f3xx_hal_i2c_ex.o
 .debug_abbrev  0x00000000000015c4      0x28c Drivers/STM32F3xx_HAL_Driver/Src/stm32f3xx_hal_rcc.o
 .debug_abbrev  0x0000000000001850      0x219 Drivers/STM32F3xx_HAL_Driver/Src/stm32f3xx_hal_rcc_ex.o
 .debug_abbrev  0x0000000000001a69      0x205 Drivers/STM32F3xx_HAL_Driver/Src/stm32f3xx_hal_uart.o

.debug_aranges  0x0000000000000000      0xa18
 .debug_aranges
                0x0000000000000000       0x30 Core/Src/MadgwickAHRS.o
 .debug_aranges
                0x0000000000000030       0x20 Core/Src/i2c.o
 .debug_aranges
                0x0000000000000050       0x40 Core/Src/main.o
 .debug_aranges
                0x0000000000000090       0xa0 Core/Src/mpu6500.o
 .debug_aranges
                0x0000000000000130       0x40 Core/Src/stm32f3xx_hal_msp.o
 .debug_aranges
                0x0000000000000170       0x60 Core/Src/stm32f3xx_it.o
 .debug_aranges
                0x00000000000001d0       0x28 Core/Src/system_stm32f3xx.o
 .debug_aranges
                0x00000000000001f8       0x28 Core/Startup/startup_stm32f303retx.o
 .debug_aranges
                0x0000000000000220       0xe0 Drivers/STM32F3xx_HAL_Driver/Src/stm32f3xx_hal.o
 .debug_aranges
                0x0000000000000300      0x118 Drivers/STM32F3xx_HAL_Driver/Src/stm32f3xx_hal_cortex.o
 .debug_aranges
                0x0000000000000418       0x58 Drivers/STM32F3xx_HAL_Driver/Src/stm32f3xx_hal_gpio.o
 .debug_aranges
                0x0000000000000470      0x290 Drivers/STM32F3xx_HAL_Driver/Src/stm32f3xx_hal_i2c.o
 .debug_aranges
                0x0000000000000700       0x48 Drivers/STM32F3xx_HAL_Driver/Src/stm32f3xx_hal_i2c_ex.o
 .debug_aranges
                0x0000000000000748       0x88 Drivers/STM32F3xx_HAL_Driver/Src/stm32f3xx_hal_rcc.o
 .debug_aranges
                0x00000000000007d0       0x38 Drivers/STM32F3xx_HAL_Driver/Src/stm32f3xx_hal_rcc_ex.o
 .debug_aranges
                0x0000000000000808      0x210 Drivers/STM32F3xx_HAL_Driver/Src/stm32f3xx_hal_uart.o

.debug_ranges   0x0000000000000000      0x920
 .debug_ranges  0x0000000000000000       0x20 Core/Src/MadgwickAHRS.o
 .debug_ranges  0x0000000000000020       0x10 Core/Src/i2c.o
 .debug_ranges  0x0000000000000030       0x30 Core/Src/main.o
 .debug_ranges  0x0000000000000060       0x90 Core/Src/mpu6500.o
 .debug_ranges  0x00000000000000f0       0x30 Core/Src/stm32f3xx_hal_msp.o
 .debug_ranges  0x0000000000000120       0x50 Core/Src/stm32f3xx_it.o
 .debug_ranges  0x0000000000000170       0x18 Core/Src/system_stm32f3xx.o
 .debug_ranges  0x0000000000000188       0x20 Core/Startup/startup_stm32f303retx.o
 .debug_ranges  0x00000000000001a8       0xd0 Drivers/STM32F3xx_HAL_Driver/Src/stm32f3xx_hal.o
 .debug_ranges  0x0000000000000278      0x108 Drivers/STM32F3xx_HAL_Driver/Src/stm32f3xx_hal_cortex.o
 .debug_ranges  0x0000000000000380       0x48 Drivers/STM32F3xx_HAL_Driver/Src/stm32f3xx_hal_gpio.o
 .debug_ranges  0x00000000000003c8      0x280 Drivers/STM32F3xx_HAL_Driver/Src/stm32f3xx_hal_i2c.o
 .debug_ranges  0x0000000000000648       0x38 Drivers/STM32F3xx_HAL_Driver/Src/stm32f3xx_hal_i2c_ex.o
 .debug_ranges  0x0000000000000680       0x78 Drivers/STM32F3xx_HAL_Driver/Src/stm32f3xx_hal_rcc.o
 .debug_ranges  0x00000000000006f8       0x28 Drivers/STM32F3xx_HAL_Driver/Src/stm32f3xx_hal_rcc_ex.o
 .debug_ranges  0x0000000000000720      0x200 Drivers/STM32F3xx_HAL_Driver/Src/stm32f3xx_hal_uart.o

.debug_macro    0x0000000000000000    0x1ca14
 .debug_macro   0x0000000000000000       0xeb Core/Src/MadgwickAHRS.o
 .debug_macro   0x00000000000000eb      0xa5a Core/Src/MadgwickAHRS.o
 .debug_macro   0x0000000000000b45       0x22 Core/Src/MadgwickAHRS.o
 .debug_macro   0x0000000000000b67       0x40 Core/Src/MadgwickAHRS.o
 .debug_macro   0x0000000000000ba7       0x18 Core/Src/MadgwickAHRS.o
 .debug_macro   0x0000000000000bbf       0x94 Core/Src/MadgwickAHRS.o
 .debug_macro   0x0000000000000c53       0x3c Core/Src/MadgwickAHRS.o
 .debug_macro   0x0000000000000c8f       0x34 Core/Src/MadgwickAHRS.o
 .debug_macro   0x0000000000000cc3      0x174 Core/Src/MadgwickAHRS.o
 .debug_macro   0x0000000000000e37       0x57 Core/Src/MadgwickAHRS.o
 .debug_macro   0x0000000000000e8e       0x52 Core/Src/MadgwickAHRS.o
 .debug_macro   0x0000000000000ee0       0x1f Core/Src/MadgwickAHRS.o
 .debug_macro   0x0000000000000eff       0x43 Core/Src/MadgwickAHRS.o
 .debug_macro   0x0000000000000f42       0x20 Core/Src/MadgwickAHRS.o
 .debug_macro   0x0000000000000f62      0x1a3 Core/Src/MadgwickAHRS.o
 .debug_macro   0x0000000000001105      0x330 Core/Src/MadgwickAHRS.o
 .debug_macro   0x0000000000001435      0x1e1 Core/Src/MadgwickAHRS.o
 .debug_macro   0x0000000000001616      0x1c4 Core/Src/i2c.o
 .debug_macro   0x00000000000017da      0x151 Core/Src/i2c.o
 .debug_macro   0x000000000000192b       0x2e Core/Src/i2c.o
 .debug_macro   0x0000000000001959       0x28 Core/Src/i2c.o
 .debug_macro   0x0000000000001981       0x8e Core/Src/i2c.o
 .debug_macro   0x0000000000001a0f       0x51 Core/Src/i2c.o
 .debug_macro   0x0000000000001a60       0xef Core/Src/i2c.o
 .debug_macro   0x0000000000001b4f       0x6a Core/Src/i2c.o
 .debug_macro   0x0000000000001bb9      0x1df Core/Src/i2c.o
 .debug_macro   0x0000000000001d98       0x1c Core/Src/i2c.o
 .debug_macro   0x0000000000001db4       0x22 Core/Src/i2c.o
 .debug_macro   0x0000000000001dd6       0xdf Core/Src/i2c.o
 .debug_macro   0x0000000000001eb5     0x102d Core/Src/i2c.o
 .debug_macro   0x0000000000002ee2      0x11f Core/Src/i2c.o
 .debug_macro   0x0000000000003001    0x15353 Core/Src/i2c.o
 .debug_macro   0x0000000000018354       0x43 Core/Src/i2c.o
 .debug_macro   0x0000000000018397       0x53 Core/Src/i2c.o
 .debug_macro   0x00000000000183ea      0x954 Core/Src/i2c.o
 .debug_macro   0x0000000000018d3e      0x84a Core/Src/i2c.o
 .debug_macro   0x0000000000019588      0x12f Core/Src/i2c.o
 .debug_macro   0x00000000000196b7      0x23a Core/Src/i2c.o
 .debug_macro   0x00000000000198f1      0x1ea Core/Src/i2c.o
 .debug_macro   0x0000000000019adb      0x1bc Core/Src/i2c.o
 .debug_macro   0x0000000000019c97       0x30 Core/Src/i2c.o
 .debug_macro   0x0000000000019cc7       0x3c Core/Src/i2c.o
 .debug_macro   0x0000000000019d03      0x236 Core/Src/i2c.o
 .debug_macro   0x0000000000019f39       0xc5 Core/Src/i2c.o
 .debug_macro   0x0000000000019ffe      0x21d Core/Src/i2c.o
 .debug_macro   0x000000000001a21b      0x22c Core/Src/i2c.o
 .debug_macro   0x000000000001a447       0x5b Core/Src/i2c.o
 .debug_macro   0x000000000001a4a2       0xa5 Core/Src/i2c.o
 .debug_macro   0x000000000001a547       0x81 Core/Src/i2c.o
 .debug_macro   0x000000000001a5c8       0xd3 Core/Src/i2c.o
 .debug_macro   0x000000000001a69b      0x589 Core/Src/i2c.o
 .debug_macro   0x000000000001ac24       0x44 Core/Src/i2c.o
 .debug_macro   0x000000000001ac68      0x347 Core/Src/i2c.o
 .debug_macro   0x000000000001afaf      0x1eb Core/Src/main.o
 .debug_macro   0x000000000001b19a       0x58 Core/Src/main.o
 .debug_macro   0x000000000001b1f2       0x22 Core/Src/main.o
 .debug_macro   0x000000000001b214      0x196 Core/Src/main.o
 .debug_macro   0x000000000001b3aa      0x1dc Core/Src/mpu6500.o
 .debug_macro   0x000000000001b586      0x1c9 Core/Src/stm32f3xx_hal_msp.o
 .debug_macro   0x000000000001b74f      0x1d3 Core/Src/stm32f3xx_it.o
 .debug_macro   0x000000000001b922      0x1c0 Core/Src/system_stm32f3xx.o
 .debug_macro   0x000000000001bae2      0x1de Drivers/STM32F3xx_HAL_Driver/Src/stm32f3xx_hal.o
 .debug_macro   0x000000000001bcc0      0x1ba Drivers/STM32F3xx_HAL_Driver/Src/stm32f3xx_hal_cortex.o
 .debug_macro   0x000000000001be7a      0x1f2 Drivers/STM32F3xx_HAL_Driver/Src/stm32f3xx_hal_gpio.o
 .debug_macro   0x000000000001c06c      0x27f Drivers/STM32F3xx_HAL_Driver/Src/stm32f3xx_hal_i2c.o
 .debug_macro   0x000000000001c2eb      0x1ba Drivers/STM32F3xx_HAL_Driver/Src/stm32f3xx_hal_i2c_ex.o
 .debug_macro   0x000000000001c4a5      0x1de Drivers/STM32F3xx_HAL_Driver/Src/stm32f3xx_hal_rcc.o
 .debug_macro   0x000000000001c683      0x1ba Drivers/STM32F3xx_HAL_Driver/Src/stm32f3xx_hal_rcc_ex.o
 .debug_macro   0x000000000001c83d      0x1d7 Drivers/STM32F3xx_HAL_Driver/Src/stm32f3xx_hal_uart.o

.debug_line     0x0000000000000000     0x96a9
 .debug_line    0x0000000000000000      0x596 Core/Src/MadgwickAHRS.o
 .debug_line    0x0000000000000596      0x67c Core/Src/i2c.o
 .debug_line    0x0000000000000c12      0x73d Core/Src/main.o
 .debug_line    0x000000000000134f      0x898 Core/Src/mpu6500.o
 .debug_line    0x0000000000001be7      0x6da Core/Src/stm32f3xx_hal_msp.o
 .debug_line    0x00000000000022c1      0x71e Core/Src/stm32f3xx_it.o
 .debug_line    0x00000000000029df      0x69a Core/Src/system_stm32f3xx.o
 .debug_line    0x0000000000003079       0x85 Core/Startup/startup_stm32f303retx.o
 .debug_line    0x00000000000030fe      0x855 Drivers/STM32F3xx_HAL_Driver/Src/stm32f3xx_hal.o
 .debug_line    0x0000000000003953      0x98a Drivers/STM32F3xx_HAL_Driver/Src/stm32f3xx_hal_cortex.o
 .debug_line    0x00000000000042dd      0x830 Drivers/STM32F3xx_HAL_Driver/Src/stm32f3xx_hal_gpio.o
 .debug_line    0x0000000000004b0d     0x1a5d Drivers/STM32F3xx_HAL_Driver/Src/stm32f3xx_hal_i2c.o
 .debug_line    0x000000000000656a      0x7be Drivers/STM32F3xx_HAL_Driver/Src/stm32f3xx_hal_i2c_ex.o
 .debug_line    0x0000000000006d28      0xdd0 Drivers/STM32F3xx_HAL_Driver/Src/stm32f3xx_hal_rcc.o
 .debug_line    0x0000000000007af8      0x9f6 Drivers/STM32F3xx_HAL_Driver/Src/stm32f3xx_hal_rcc_ex.o
 .debug_line    0x00000000000084ee     0x11bb Drivers/STM32F3xx_HAL_Driver/Src/stm32f3xx_hal_uart.o

.debug_str      0x0000000000000000    0xa7cfe
 .debug_str     0x0000000000000000     0x6b45 Core/Src/MadgwickAHRS.o
                                       0x6d16 (size before relaxing)
 .debug_str     0x0000000000006b45    0x9d3d8 Core/Src/i2c.o
                                      0xa0d69 (size before relaxing)
 .debug_str     0x00000000000a3f1d      0xe54 Core/Src/main.o
                                      0xa1938 (size before relaxing)
 .debug_str     0x00000000000a4d71      0x4c1 Core/Src/mpu6500.o
                                      0xa1980 (size before relaxing)
 .debug_str     0x00000000000a5232       0x7d Core/Src/stm32f3xx_hal_msp.o
                                      0xa1180 (size before relaxing)
 .debug_str     0x00000000000a52af       0xbd Core/Src/stm32f3xx_it.o
                                      0xa0a5e (size before relaxing)
 .debug_str     0x00000000000a536c       0xd1 Core/Src/system_stm32f3xx.o
                                      0xa0995 (size before relaxing)
 .debug_str     0x00000000000a543d       0x36 Core/Startup/startup_stm32f303retx.o
                                         0x76 (size before relaxing)
 .debug_str     0x00000000000a5473      0x72e Drivers/STM32F3xx_HAL_Driver/Src/stm32f3xx_hal.o
                                      0xa1188 (size before relaxing)
 .debug_str     0x00000000000a5ba1      0x3cd Drivers/STM32F3xx_HAL_Driver/Src/stm32f3xx_hal_cortex.o
                                      0xa1296 (size before relaxing)
 .debug_str     0x00000000000a5f6e      0x27e Drivers/STM32F3xx_HAL_Driver/Src/stm32f3xx_hal_gpio.o
                                      0xa0c5f (size before relaxing)
 .debug_str     0x00000000000a61ec      0xe3d Drivers/STM32F3xx_HAL_Driver/Src/stm32f3xx_hal_i2c.o
                                      0xa1bd5 (size before relaxing)
 .debug_str     0x00000000000a7029       0xf3 Drivers/STM32F3xx_HAL_Driver/Src/stm32f3xx_hal_i2c_ex.o
                                      0xa0f44 (size before relaxing)
 .debug_str     0x00000000000a711c      0x314 Drivers/STM32F3xx_HAL_Driver/Src/stm32f3xx_hal_rcc.o
                                      0xa0df3 (size before relaxing)
 .debug_str     0x00000000000a7430       0xd8 Drivers/STM32F3xx_HAL_Driver/Src/stm32f3xx_hal_rcc_ex.o
                                      0xa0c3d (size before relaxing)
 .debug_str     0x00000000000a7508      0x7f6 Drivers/STM32F3xx_HAL_Driver/Src/stm32f3xx_hal_uart.o
                                      0xa154f (size before relaxing)

.comment        0x0000000000000000       0x7b
 .comment       0x0000000000000000       0x7b Core/Src/MadgwickAHRS.o
                                         0x7c (size before relaxing)
 .comment       0x000000000000007b       0x7c Core/Src/i2c.o
 .comment       0x000000000000007b       0x7c Core/Src/main.o
 .comment       0x000000000000007b       0x7c Core/Src/mpu6500.o
 .comment       0x000000000000007b       0x7c Core/Src/stm32f3xx_hal_msp.o
 .comment       0x000000000000007b       0x7c Core/Src/stm32f3xx_it.o
 .comment       0x000000000000007b       0x7c Core/Src/system_stm32f3xx.o
 .comment       0x000000000000007b       0x7c Drivers/STM32F3xx_HAL_Driver/Src/stm32f3xx_hal.o
 .comment       0x000000000000007b       0x7c Drivers/STM32F3xx_HAL_Driver/Src/stm32f3xx_hal_cortex.o
 .comment       0x000000000000007b       0x7c Drivers/STM32F3xx_HAL_Driver/Src/stm32f3xx_hal_gpio.o
 .comment       0x000000000000007b       0x7c Drivers/STM32F3xx_HAL_Driver/Src/stm32f3xx_hal_i2c.o
 .comment       0x000000000000007b       0x7c Drivers/STM32F3xx_HAL_Driver/Src/stm32f3xx_hal_i2c_ex.o
 .comment       0x000000000000007b       0x7c Drivers/STM32F3xx_HAL_Driver/Src/stm32f3xx_hal_rcc.o
 .comment       0x000000000000007b       0x7c Drivers/STM32F3xx_HAL_Driver/Src/stm32f3xx_hal_rcc_ex.o
 .comment       0x000000000000007b       0x7c Drivers/STM32F3xx_HAL_Driver/Src/stm32f3xx_hal_uart.o

.debug_frame    0x0000000000000000     0x2988
 .debug_frame   0x0000000000000000       0x88 Core/Src/MadgwickAHRS.o
 .debug_frame   0x0000000000000088       0x34 Core/Src/i2c.o
 .debug_frame   0x00000000000000bc       0xb8 Core/Src/main.o
 .debug_frame   0x0000000000000174      0x248 Core/Src/mpu6500.o
 .debug_frame   0x00000000000003bc       0xc4 Core/Src/stm32f3xx_hal_msp.o
 .debug_frame   0x0000000000000480      0x10c Core/Src/stm32f3xx_it.o
 .debug_frame   0x000000000000058c       0x58 Core/Src/system_stm32f3xx.o
 .debug_frame   0x00000000000005e4      0x334 Drivers/STM32F3xx_HAL_Driver/Src/stm32f3xx_hal.o
 .debug_frame   0x0000000000000918      0x498 Drivers/STM32F3xx_HAL_Driver/Src/stm32f3xx_hal_cortex.o
 .debug_frame   0x0000000000000db0      0x14c Drivers/STM32F3xx_HAL_Driver/Src/stm32f3xx_hal_gpio.o
 .debug_frame   0x0000000000000efc      0xbe8 Drivers/STM32F3xx_HAL_Driver/Src/stm32f3xx_hal_i2c.o
 .debug_frame   0x0000000000001ae4      0x100 Drivers/STM32F3xx_HAL_Driver/Src/stm32f3xx_hal_i2c_ex.o
 .debug_frame   0x0000000000001be4      0x214 Drivers/STM32F3xx_HAL_Driver/Src/stm32f3xx_hal_rcc.o
 .debug_frame   0x0000000000001df8       0xb4 Drivers/STM32F3xx_HAL_Driver/Src/stm32f3xx_hal_rcc_ex.o
 .debug_frame   0x0000000000001eac      0x970 Drivers/STM32F3xx_HAL_Driver/Src/stm32f3xx_hal_uart.o
 .debug_frame   0x000000000000281c       0x2c c:/st/stm32cubeide_1.4.0/stm32cubeide/plugins/com.st.stm32cube.ide.mcu.externaltools.gnu-tools-for-stm32.7-2018-q2-update.win32_1.4.0.202007081208/tools/bin/../lib/gcc/arm-none-eabi/7.3.1/../../../../arm-none-eabi/lib/thumb/v7e-m/fpv4-sp/hard\libc_nano.a(lib_a-init.o)
 .debug_frame   0x0000000000002848       0x20 c:/st/stm32cubeide_1.4.0/stm32cubeide/plugins/com.st.stm32cube.ide.mcu.externaltools.gnu-tools-for-stm32.7-2018-q2-update.win32_1.4.0.202007081208/tools/bin/../lib/gcc/arm-none-eabi/7.3.1/../../../../arm-none-eabi/lib/thumb/v7e-m/fpv4-sp/hard\libc_nano.a(lib_a-memset.o)
 .debug_frame   0x0000000000002868       0xac c:/st/stm32cubeide_1.4.0/stm32cubeide/plugins/com.st.stm32cube.ide.mcu.externaltools.gnu-tools-for-stm32.7-2018-q2-update.win32_1.4.0.202007081208/tools/bin/../lib/gcc/arm-none-eabi/7.3.1/thumb/v7e-m/fpv4-sp/hard\libgcc.a(_arm_addsubdf3.o)
 .debug_frame   0x0000000000002914       0x50 c:/st/stm32cubeide_1.4.0/stm32cubeide/plugins/com.st.stm32cube.ide.mcu.externaltools.gnu-tools-for-stm32.7-2018-q2-update.win32_1.4.0.202007081208/tools/bin/../lib/gcc/arm-none-eabi/7.3.1/thumb/v7e-m/fpv4-sp/hard\libgcc.a(_arm_muldivdf3.o)
 .debug_frame   0x0000000000002964       0x24 c:/st/stm32cubeide_1.4.0/stm32cubeide/plugins/com.st.stm32cube.ide.mcu.externaltools.gnu-tools-for-stm32.7-2018-q2-update.win32_1.4.0.202007081208/tools/bin/../lib/gcc/arm-none-eabi/7.3.1/thumb/v7e-m/fpv4-sp/hard\libgcc.a(_arm_truncdfsf2.o)
