mpu9250.c:71:13:mpu9250InitializeControlStructure	4	static
mpu9250.c:96:15:mpu9250WriteRegister	32	static
mpu9250.c:118:15:mpu9250ReadRegisters	32	static
mpu9250.c:136:15:mpu9250WriteAK8963Register	16	static
mpu9250.c:165:15:mpu9250WhoAmI	8	static
mpu9250.c:175:15:mpu9250WhoAmIAK8963	8	static
mpu9250.c:185:15:mpu9250ReadAK8963Registers	16	static
mpu9250.c:205:15:mpu9250CalibrateGyro	24	static
mpu9250.c:246:15:mpu9250SetGyroRange	16	static
mpu9250.c:290:15:mpu9250SetDlpfBandwidth	16	static
mpu9250.c:364:15:mpu9250SetSrd	16	static
mpu9250.c:410:8:mpu9250Init	16	static
mpu9250.c:535:6:mpu9250Read	8	static
mpu9250.c:567:7:mpu9250GetAccelX_mss	4	static
mpu9250.c:573:7:mpu9250GetAccelY_mss	4	static
mpu9250.c:579:7:mpu9250GetAccelZ_mss	4	static
mpu9250.c:585:7:mpu9250GetGyroX_rads	4	static
mpu9250.c:591:7:mpu9250GetGyroY_rads	4	static
mpu9250.c:597:7:mpu9250GetGyroZ_rads	4	static
mpu9250.c:603:7:mpu9250GetMagX_uT	4	static
mpu9250.c:609:7:mpu9250GetMagY_uT	4	static
mpu9250.c:615:7:mpu9250GetMagZ_uT	4	static
mpu9250.c:621:7:mpu9250GetTemperature_C	4	static
